Processing stopwatch (platform: espressif32@^6.9.0; board: esp32s3box; framework: arduino)
--------------------------------------------------------------------------------
Verbose mode can be enabled via `-v, --verbose` option
CONFIGURATION: https://docs.platformio.org/page/boards/espressif32/esp32s3box.html
PLATFORM: Espressif 32 (6.13.0) > Espressif ESP32-S3-Box
HARDWARE: ESP32S3 240MHz, 320KB RAM, 16MB Flash
DEBUG: Current (cmsis-dap) External (cmsis-dap, esp-bridge, esp-builtin, esp-prog, iot-bus-jtag, jlink, minimodule, olimex-arm-usb-ocd, olimex-arm-usb-ocd-h, olimex-arm-usb-tiny-h, olimex-jtag-tiny, tumpa)
PACKAGES: 
 - framework-arduinoespressif32 @ 3.20017.241212+sha.dcc1105b 
 - tool-esptoolpy @ 2.41100.0 (4.11.0) 
 - toolchain-riscv32-esp @ 8.4.0+2021r2-patch5 
 - toolchain-xtensa-esp32s3 @ 8.4.0+2021r2-patch5
LDF: Library Dependency Finder -> https://bit.ly/configure-pio-ldf
LDF Modes: Finder ~ chain, Compatibility ~ soft
Found 38 compatible libraries
Scanning dependencies...
Dependency Graph
|-- M5Unified @ 0.2.21
|-- ArduinoJson @ 7.4.3
|-- TinyGPSPlus @ 1.1.0
|-- sanotts @ 0.2.0+a478680
|-- HTTPClient @ 2.0.0
|-- Preferences @ 2.0.0
|-- WebServer @ 2.0.0
|-- WiFi @ 2.0.0
|-- WiFiClientSecure @ 2.0.0
Building in release mode
Retrieving maximum program size .pio/build/stopwatch/firmware.elf
Checking size .pio/build/stopwatch/firmware.elf
Advanced Memory Usage is available via "PlatformIO Home > Project Inspect"
RAM:   [==        ]  16.6% (used 54348 bytes from 327680 bytes)
Flash: [====      ]  41.7% (used 2732773 bytes from 6553600 bytes)
========================= [SUCCESS] Took 11.20 seconds =========================
exit=0
